
> doughlabpro@0.0.0 build
> vite build

[36mvite v6.4.1 [32mbuilding for production...[36m[39m
transforming...
[32mÔ£ô[39m 475 modules transformed.
rendering chunks...
node.exe : [33m[plugin 
vite:reporter] 
No C:\Program 
Files\nodejs\npm.ps1:29 
caractere:3
+   & $NODE_EXE $NPM_CLI_JS 
$args
+   ~~~~~~~~~~~~~~~~~~~~~~~~
~~~~~
    + CategoryInfo          
    : NotSpecified: ([33m  
  [plugin vite:reporter]    
 :String) [], RemoteExce    
ption
    + FullyQualifiedErrorId 
    : NativeCommandError
 
(!) C:/Users/eduar/OneDrive/
Desktop/Antigravity/doughlab
pro/src/firebase/auth.ts is 
dynamically imported by C:/U
sers/eduar/OneDrive/Desktop/
Antigravity/doughlabpro/src/
contexts/AuthContext.tsx 
but also statically 
imported by C:/Users/eduar/O
neDrive/Desktop/Antigravity/
doughlabpro/src/contexts/Aut
hContext.tsx, dynamic 
import will not move module 
into another chunk.
[39m
computing gzip size...
[2mdist/[22m[32mindex.html                                        [39m[1m[2m  2.77 kB[22m[1m[22m[2m Ôöé gzip:   1.02 kB[22m
[2mdist/[22m[35massets/index-D2ugHJtd.css                         [39m[1m[2m  3.24 kB[22m[1m[22m[2m Ôöé gzip:   1.09 kB[22m
[2mdist/[22m[36massets/ProActivatedPage-Cepwbj_q.js               [39m[1m[2m  0.11 kB[22m[1m[22m[2m Ôöé gzip:   0.13 kB[22m
[2mdist/[22m[36massets/LanguagePage-B1ZAdJyl.js                   [39m[1m[2m  0.24 kB[22m[1m[22m[2m Ôöé gzip:   0.20 kB[22m
[2mdist/[22m[36massets/SensoryGuidePage-CNvJmp_E.js               [39m[1m[2m  0.41 kB[22m[1m[22m[2m Ôöé gzip:   0.31 kB[22m
[2mdist/[22m[36massets/ContactPage-KAGZOsoG.js                    [39m[1m[2m  0.44 kB[22m[1m[22m[2m Ôöé gzip:   0.31 kB[22m
[2mdist/[22m[36massets/EulaPage-C5slzrJd.js                       [39m[1m[2m  0.65 kB[22m[1m[22m[2m Ôöé gzip:   0.42 kB[22m
[2mdist/[22m[36massets/IpPage-6XZvkyRJ.js                         [39m[1m[2m  0.66 kB[22m[1m[22m[2m Ôöé gzip:   0.42 kB[22m
[2mdist/[22m[36massets/CookiesPage-DLyOsE7t.js                    [39m[1m[2m  0.69 kB[22m[1m[22m[2m Ôöé gzip:   0.44 kB[22m
[2mdist/[22m[36massets/LearnComponents-CsolmSi8.js                [39m[1m[2m  0.74 kB[22m[1m[22m[2m Ôöé gzip:   0.38 kB[22m
[2mdist/[22m[36massets/LegalPageLayout-Bgu3xuZP.js                [39m[1m[2m  0.89 kB[22m[1m[22m[2m Ôöé gzip:   0.49 kB[22m
[2mdist/[22m[36massets/OvensHeatPage-Blk8W0FV.js                  [39m[1m[2m  0.91 kB[22m[1m[22m[2m Ôöé gzip:   0.53 kB[22m
[2mdist/[22m[36massets/LearnTopicCard-Pg3dnAbd.js                 [39m[1m[2m  0.97 kB[22m[1m[22m[2m Ôöé gzip:   0.50 kB[22m
[2mdist/[22m[36massets/SensoryMaturationPage-CFnZYTYX.js          [39m[1m[2m  1.18 kB[22m[1m[22m[2m Ôöé gzip:   0.60 kB[22m
[2mdist/[22m[36massets/MyLabComparisonsPage-hQb-tSJ_.js           [39m[1m[2m  1.30 kB[22m[1m[22m[2m Ôöé gzip:   0.60 kB[22m
[2mdist/[22m[36massets/MyLabSensoryDiaryPage-Dt4dNLUs.js          [39m[1m[2m  1.30 kB[22m[1m[22m[2m Ôöé gzip:   0.62 kB[22m
[2mdist/[22m[36massets/MyLabDoughsPage-Di7l5RcD.js                [39m[1m[2m  1.33 kB[22m[1m[22m[2m Ôöé gzip:   0.63 kB[22m
[2mdist/[22m[36massets/AmbientVsColdFermentationPage-B_fwT2pb.js  [39m[1m[2m  1.47 kB[22m[1m[22m[2m Ôöé gzip:   0.70 kB[22m
[2mdist/[22m[36massets/IngredientPageLayout-DzBE6LfS.js           [39m[1m[2m  1.50 kB[22m[1m[22m[2m Ôöé gzip:   0.68 kB[22m
[2mdist/[22m[36massets/DoughAgingPage-Dvfpv0Eo.js                 [39m[1m[2m  1.51 kB[22m[1m[22m[2m Ôöé gzip:   0.75 kB[22m
[2mdist/[22m[36massets/TroubleshootingGuidePage-rdAwKQaj.js       [39m[1m[2m  1.53 kB[22m[1m[22m[2m Ôöé gzip:   0.70 kB[22m
[2mdist/[22m[36massets/SaltPage-DrTYe0w7.js                       [39m[1m[2m  1.54 kB[22m[1m[22m[2m Ôöé gzip:   0.69 kB[22m
[2mdist/[22m[36massets/WaterPage-DjAr4a3O.js                      [39m[1m[2m  1.54 kB[22m[1m[22m[2m Ôöé gzip:   0.67 kB[22m
[2mdist/[22m[36massets/CommunityPage-B0-Ty7xi.js                  [39m[1m[2m  1.55 kB[22m[1m[22m[2m Ôöé gzip:   0.73 kB[22m
[2mdist/[22m[36massets/SettingsPage-Cgljey-p.js                   [39m[1m[2m  1.68 kB[22m[1m[22m[2m Ôöé gzip:   0.76 kB[22m
[2mdist/[22m[36massets/SugarsPage-Ccv9XRk0.js                     [39m[1m[2m  1.70 kB[22m[1m[22m[2m Ôöé gzip:   0.77 kB[22m
[2mdist/[22m[36massets/ProFeatureLock-8nDBV_Y0.js                 [39m[1m[2m  1.75 kB[22m[1m[22m[2m Ôöé gzip:   0.90 kB[22m
[2mdist/[22m[36massets/FatsPage-BjkH4jgH.js                       [39m[1m[2m  1.76 kB[22m[1m[22m[2m Ôöé gzip:   0.79 kB[22m
[2mdist/[22m[36massets/MethodsPage-x3vHgTkm.js                    [39m[1m[2m  1.88 kB[22m[1m[22m[2m Ôöé gzip:   0.80 kB[22m
[2mdist/[22m[36massets/FundamentalsPage-DihGSwHf.js               [39m[1m[2m  1.90 kB[22m[1m[22m[2m Ôöé gzip:   0.83 kB[22m
[2mdist/[22m[36massets/CuredMeatsPage-BiF88D3N.js                 [39m[1m[2m  2.23 kB[22m[1m[22m[2m Ôöé gzip:   1.10 kB[22m
[2mdist/[22m[36massets/SmokedCheesesPage-Ck4VUi9c.js              [39m[1m[2m  2.23 kB[22m[1m[22m[2m Ôöé gzip:   1.10 kB[22m
[2mdist/[22m[36massets/OvenSpringPage-BnN6Nl84.js                 [39m[1m[2m  2.25 kB[22m[1m[22m[2m Ôöé gzip:   1.05 kB[22m
[2mdist/[22m[36massets/MyLabInsightsPage-DE8uOAoS.js              [39m[1m[2m  2.30 kB[22m[1m[22m[2m Ôöé gzip:   0.98 kB[22m
[2mdist/[22m[36massets/CaramelizableVegetablesPage-CRHWq-fZ.js    [39m[1m[2m  2.33 kB[22m[1m[22m[2m Ôöé gzip:   1.09 kB[22m
[2mdist/[22m[36massets/TechniquesPage-mdZLaTUV.js                 [39m[1m[2m  2.34 kB[22m[1m[22m[2m Ôöé gzip:   1.08 kB[22m
[2mdist/[22m[36massets/MyLabLayout-e5eQ2bVj.js                    [39m[1m[2m  2.36 kB[22m[1m[22m[2m Ôöé gzip:   0.94 kB[22m
[2mdist/[22m[36massets/LowMoistureCheesesPage-BI_qLyGU.js         [39m[1m[2m  2.39 kB[22m[1m[22m[2m Ôöé gzip:   1.14 kB[22m
[2mdist/[22m[36massets/WaterRichVegetablesPage-Cp-kIcDu.js        [39m[1m[2m  2.41 kB[22m[1m[22m[2m Ôöé gzip:   1.14 kB[22m
[2mdist/[22m[36massets/CriticalIngredientsPage-DTa3zbfZ.js        [39m[1m[2m  2.44 kB[22m[1m[22m[2m Ôöé gzip:   0.97 kB[22m
[2mdist/[22m[36massets/SmokedAromaticsPage-CBbqNdBr.js            [39m[1m[2m  2.45 kB[22m[1m[22m[2m Ôöé gzip:   1.13 kB[22m
[2mdist/[22m[36massets/RegionalCombosPage-BKIIkDSb.js             [39m[1m[2m  2.47 kB[22m[1m[22m[2m Ôöé gzip:   1.24 kB[22m
[2mdist/[22m[36massets/PairingToolPage-OW2pyeiS.js                [39m[1m[2m  2.63 kB[22m[1m[22m[2m Ôöé gzip:   0.95 kB[22m
[2mdist/[22m[36massets/SpecialSaucesPage-M5YVpPa_.js              [39m[1m[2m  2.73 kB[22m[1m[22m[2m Ôöé gzip:   1.35 kB[22m
[2mdist/[22m[36massets/MyLabLevainPetPage-CeHXbzY8.js             [39m[1m[2m  2.84 kB[22m[1m[22m[2m Ôöé gzip:   0.93 kB[22m
[2mdist/[22m[36massets/FloursPage-DFt_YN7r.js                     [39m[1m[2m  2.93 kB[22m[1m[22m[2m Ôöé gzip:   1.04 kB[22m
[2mdist/[22m[36massets/SensoryProfilesPage-kIOKWCkd.js            [39m[1m[2m  2.94 kB[22m[1m[22m[2m Ôöé gzip:   1.31 kB[22m
[2mdist/[22m[36massets/BoldCombosPage-B_fXAlmP.js                 [39m[1m[2m  2.94 kB[22m[1m[22m[2m Ôöé gzip:   1.32 kB[22m
[2mdist/[22m[36massets/WhiteSaucesPage-BVh6YWCV.js                [39m[1m[2m  3.02 kB[22m[1m[22m[2m Ôöé gzip:   1.37 kB[22m
[2mdist/[22m[36massets/AssistantPage-C-GC-SHf.js                  [39m[1m[2m  3.03 kB[22m[1m[22m[2m Ôöé gzip:   1.25 kB[22m
[2mdist/[22m[36massets/ConsistencyListPage-Tl8VsB2g.js            [39m[1m[2m  3.10 kB[22m[1m[22m[2m Ôöé gzip:   1.21 kB[22m
[2mdist/[22m[36massets/PrivacyPage-Csd-GOVV.js                    [39m[1m[2m  3.13 kB[22m[1m[22m[2m Ôöé gzip:   1.33 kB[22m
[2mdist/[22m[36massets/TimelinePage-DcsTeJpX.js                   [39m[1m[2m  3.15 kB[22m[1m[22m[2m Ôöé gzip:   1.36 kB[22m
[2mdist/[22m[36massets/TomatoPreservationPage-Cs3aAnTC.js         [39m[1m[2m  3.15 kB[22m[1m[22m[2m Ôöé gzip:   1.42 kB[22m
[2mdist/[22m[36massets/BallingTechniquePage-aRd97BVR.js           [39m[1m[2m  3.37 kB[22m[1m[22m[2m Ôöé gzip:   1.51 kB[22m
[2mdist/[22m[36massets/ClassicCombosPage-1V2p9o2e.js              [39m[1m[2m  3.40 kB[22m[1m[22m[2m Ôöé gzip:   1.41 kB[22m
[2mdist/[22m[36massets/PlansPage-CXGsm6Gr.js                      [39m[1m[2m  3.55 kB[22m[1m[22m[2m Ôöé gzip:   1.22 kB[22m
[2mdist/[22m[36massets/OilsPage-GnJxwHMp.js                       [39m[1m[2m  3.55 kB[22m[1m[22m[2m Ôöé gzip:   1.57 kB[22m
[2mdist/[22m[36massets/IngredientsPage-DmLgviVf.js                [39m[1m[2m  3.74 kB[22m[1m[22m[2m Ôöé gzip:   1.43 kB[22m
[2mdist/[22m[36massets/DoughbotPage-CdsamLyS.js                   [39m[1m[2m  3.75 kB[22m[1m[22m[2m Ôöé gzip:   1.37 kB[22m
[2mdist/[22m[36massets/CommunityBatchDetailPage-BBOpkUWV.js       [39m[1m[2m  3.78 kB[22m[1m[22m[2m Ôöé gzip:   1.26 kB[22m
[2mdist/[22m[36massets/ParbakingPage-iV8e5HfF.js                  [39m[1m[2m  3.78 kB[22m[1m[22m[2m Ôöé gzip:   1.65 kB[22m
[2mdist/[22m[36massets/YeastsPage-lbL69Khb.js                     [39m[1m[2m  3.91 kB[22m[1m[22m[2m Ôöé gzip:   1.50 kB[22m
[2mdist/[22m[36massets/VegetablesPage-DE6SSm3e.js                 [39m[1m[2m  3.92 kB[22m[1m[22m[2m Ôöé gzip:   1.68 kB[22m
[2mdist/[22m[36massets/OilsSpicesPage-CFwJMl9i.js                 [39m[1m[2m  3.93 kB[22m[1m[22m[2m Ôöé gzip:   1.54 kB[22m
[2mdist/[22m[36massets/CompareRecipesPage-Dr9dVkG4.js             [39m[1m[2m  3.94 kB[22m[1m[22m[2m Ôöé gzip:   1.58 kB[22m
[2mdist/[22m[36massets/ReferencesPage-wGgeMNoi.js                 [39m[1m[2m  4.02 kB[22m[1m[22m[2m Ôöé gzip:   1.70 kB[22m
[2mdist/[22m[36massets/TermsPage-CneQlsSF.js                      [39m[1m[2m  4.14 kB[22m[1m[22m[2m Ôöé gzip:   1.87 kB[22m
[2mdist/[22m[36massets/ReadyToppingsPage-vTl5sjiu.js              [39m[1m[2m  4.56 kB[22m[1m[22m[2m Ôöé gzip:   1.59 kB[22m
[2mdist/[22m[36massets/HygieneSafetyPage-ce-xOUMF.js              [39m[1m[2m  4.88 kB[22m[1m[22m[2m Ôöé gzip:   1.52 kB[22m
[2mdist/[22m[36massets/MixingTechniquesPage-DPcdiqDU.js           [39m[1m[2m  4.96 kB[22m[1m[22m[2m Ôöé gzip:   2.07 kB[22m
[2mdist/[22m[36massets/StoragePage-D0BHXY_1.js                    [39m[1m[2m  4.99 kB[22m[1m[22m[2m Ôöé gzip:   1.57 kB[22m
[2mdist/[22m[36massets/MyLabRecipesPage-KMU8s0RH.js               [39m[1m[2m  5.06 kB[22m[1m[22m[2m Ôöé gzip:   1.72 kB[22m
[2mdist/[22m[36massets/EquipmentPage-D09kHWJO.js                  [39m[1m[2m  5.26 kB[22m[1m[22m[2m Ôöé gzip:   1.51 kB[22m
[2mdist/[22m[36massets/TemperatureControlPage-CeW6Ed5B.js         [39m[1m[2m  5.40 kB[22m[1m[22m[2m Ôöé gzip:   1.78 kB[22m
[2mdist/[22m[36massets/PrefermentsPage-C1_5z7e_.js                [39m[1m[2m  5.45 kB[22m[1m[22m[2m Ôöé gzip:   1.78 kB[22m
[2mdist/[22m[36massets/ObjectivesPage-CXKmYwuF.js                 [39m[1m[2m  5.45 kB[22m[1m[22m[2m Ôöé gzip:   1.90 kB[22m
[2mdist/[22m[36massets/ConsistencyDetailPage-DvkwuHow.js          [39m[1m[2m  5.61 kB[22m[1m[22m[2m Ôöé gzip:   1.81 kB[22m
[2mdist/[22m[36massets/TechnicalPageLayout-Do10M5vf.js            [39m[1m[2m  5.68 kB[22m[1m[22m[2m Ôöé gzip:   1.99 kB[22m
[2mdist/[22m[36massets/ChemistryLibraryPage-DoguSI2f.js           [39m[1m[2m  5.73 kB[22m[1m[22m[2m Ôöé gzip:   2.39 kB[22m
[2mdist/[22m[36massets/CrumbStructurePage-BMJjBjx8.js             [39m[1m[2m  5.80 kB[22m[1m[22m[2m Ôöé gzip:   2.23 kB[22m
[2mdist/[22m[36massets/MeatsPage-Pf0mQBH_.js                      [39m[1m[2m  6.18 kB[22m[1m[22m[2m Ôöé gzip:   2.30 kB[22m
[2mdist/[22m[36massets/FloursPage-CYzrWWsB.js                     [39m[1m[2m  6.28 kB[22m[1m[22m[2m Ôöé gzip:   2.19 kB[22m
[2mdist/[22m[36massets/LevainListPage-Do4xDySP.js                 [39m[1m[2m  6.44 kB[22m[1m[22m[2m Ôöé gzip:   2.46 kB[22m
[2mdist/[22m[36massets/CheesesPage-kABSLupf.js                    [39m[1m[2m  6.54 kB[22m[1m[22m[2m Ôöé gzip:   2.51 kB[22m
[2mdist/[22m[36massets/FermentationBiochemistryPage-DLQ1O9Pe.js   [39m[1m[2m  6.61 kB[22m[1m[22m[2m Ôöé gzip:   2.50 kB[22m
[2mdist/[22m[36massets/FermentationPage-Cn5npRCJ.js               [39m[1m[2m  6.68 kB[22m[1m[22m[2m Ôöé gzip:   2.39 kB[22m
[2mdist/[22m[36massets/GlossaryPage-C2HWN4A7.js                   [39m[1m[2m  6.83 kB[22m[1m[22m[2m Ôöé gzip:   2.93 kB[22m
[2mdist/[22m[36massets/OvenSciencePage-S0bfr9ec.js                [39m[1m[2m  6.97 kB[22m[1m[22m[2m Ôöé gzip:   2.54 kB[22m
[2mdist/[22m[36massets/SaucesPage-BrSrCwr6.js                     [39m[1m[2m  7.00 kB[22m[1m[22m[2m Ôöé gzip:   2.41 kB[22m
[2mdist/[22m[36massets/TroubleshootingPage-Dun6pwJL.js            [39m[1m[2m  7.12 kB[22m[1m[22m[2m Ôöé gzip:   2.39 kB[22m
[2mdist/[22m[36massets/StyleGuidePage-nJgo3-pW.js                 [39m[1m[2m  7.35 kB[22m[1m[22m[2m Ôöé gzip:   2.44 kB[22m
[2mdist/[22m[36massets/AutolysePage-BKkvHTXQ.js                   [39m[1m[2m  7.88 kB[22m[1m[22m[2m Ôöé gzip:   2.80 kB[22m
[2mdist/[22m[36massets/LevainModal-BPpa1x-J.js                    [39m[1m[2m  7.89 kB[22m[1m[22m[2m Ôöé gzip:   2.32 kB[22m
[2mdist/[22m[36massets/MyLabFloursPage-BAMR0SqR.js                [39m[1m[2m  8.60 kB[22m[1m[22m[2m Ôöé gzip:   2.37 kB[22m
[2mdist/[22m[36massets/StyleDetailPage-BKMYATso.js                [39m[1m[2m  8.96 kB[22m[1m[22m[2m Ôöé gzip:   2.74 kB[22m
[2mdist/[22m[36massets/MyLabPage-DkaYQW3b.js                      [39m[1m[2m  9.07 kB[22m[1m[22m[2m Ôöé gzip:   2.61 kB[22m
[2mdist/[22m[36massets/LearnPage-CX9dT3xn.js                      [39m[1m[2m  9.49 kB[22m[1m[22m[2m Ôöé gzip:   3.13 kB[22m
[2mdist/[22m[36massets/DoughSciencePage-0eX-iYmX.js               [39m[1m[2m  9.68 kB[22m[1m[22m[2m Ôöé gzip:   3.35 kB[22m
[2mdist/[22m[36massets/MyLabBatchesPage-7J7_Qm9f.js               [39m[1m[2m 10.08 kB[22m[1m[22m[2m Ôöé gzip:   3.01 kB[22m
[2mdist/[22m[36massets/LegalIndexPage-rJc2jGBC.js                 [39m[1m[2m 11.69 kB[22m[1m[22m[2m Ôöé gzip:   4.38 kB[22m
[2mdist/[22m[36massets/BatchDetailPage-CjbJ0OTY.js                [39m[1m[2m 11.81 kB[22m[1m[22m[2m Ôöé gzip:   3.32 kB[22m
[2mdist/[22m[36massets/exportService-DjSve7pr.js                  [39m[1m[2m 12.92 kB[22m[1m[22m[2m Ôöé gzip:   5.38 kB[22m
[2mdist/[22m[36massets/OvenAnalysisPage-Bwa_PFv6.js               [39m[1m[2m 15.29 kB[22m[1m[22m[2m Ôöé gzip:   4.99 kB[22m
[2mdist/[22m[36massets/ProfilePage-DiPC0iXU.js                    [39m[1m[2m 16.18 kB[22m[1m[22m[2m Ôöé gzip:   3.57 kB[22m
[2mdist/[22m[36massets/LevainDetailPage-1uzVT8g1.js               [39m[1m[2m 21.12 kB[22m[1m[22m[2m Ôöé gzip:   6.04 kB[22m
[2mdist/[22m[36massets/purify.es-B6FQ9oRL.js                      [39m[1m[2m 22.57 kB[22m[1m[22m[2m Ôöé gzip:   8.74 kB[22m
[2mdist/[22m[36massets/DoughStylesPage-DODo2TTI.js                [39m[1m[2m 31.56 kB[22m[1m[22m[2m Ôöé gzip:   8.22 kB[22m
[2mdist/[22m[36massets/CalculatorPage-Dt73EfO3.js                 [39m[1m[2m 48.94 kB[22m[1m[22m[2m Ôöé gzip:  12.09 kB[22m
[2mdist/[22m[36massets/index.es-LYJiQfk4.js                       [39m[1m[2m159.40 kB[22m[1m[22m[2m Ôöé gzip:  53.43 kB[22m
[2mdist/[22m[36massets/assistantClient--c29oreS.js                [39m[1m[2m223.09 kB[22m[1m[22m[2m Ôöé gzip:  40.74 kB[22m
[2mdist/[22m[36massets/PDFExportButton-fPk_0YBn.js                [39m[1m[33m592.00 kB[39m[22m[2m Ôöé gzip: 176.13 kB[22m
[2mdist/[22m[36massets/index-DkYt0nfJ.js                          [39m[1m[33m843.80 kB[39m[22m[2m Ôöé gzip: 223.37 kB[22m
[33m
(!) Some chunks are larger 
than 500 kB after 
minification. Consider:
- Using dynamic import() to 
code-split the application
- Use build.rollupOptions.ou
tput.manualChunks to 
improve chunking: https://ro
llupjs.org/configuration-opt
ions/#output-manualchunks
- Adjust chunk size limit 
for this warning via build.c
hunkSizeWarningLimit.[39m
[32mÔ£ô built in 10.45s[39m
