src/data/styles/library/bread/enriched.ts(3,46): error TS2345: Argument of type '{ name: string; category: "enriched_bread"; description: string; origin: { country: string; region: string; period: string; }; technicalProfile: { hydration: [number, number]; salt: [number, number]; ... 4 more ...; difficulty: "Hard"; }; ... 4 more ...; references: { ...; }[]; }' is not assignable to parameter of type 'PartialStyleDefinition'.
  Type '{ name: string; category: "enriched_bread"; description: string; origin: { country: string; region: string; period: string; }; technicalProfile: { hydration: [number, number]; salt: [number, number]; ... 4 more ...; difficulty: "Hard"; }; ... 4 more ...; references: { ...; }[]; }' is missing the following properties from type 'Omit<DoughStyleDefinition, "id" | "technicalProfile">': createdAt, history, difficulty, isPro, and 2 more.
src/data/styles/library/bread/enriched.ts(42,41): error TS2345: Argument of type '{ name: string; category: "enriched_bread"; description: string; origin: { country: string; region: string; period: string; }; technicalProfile: { hydration: [number, number]; salt: [number, number]; ... 4 more ...; difficulty: "Medium"; }; fermentationType: "direct"; notes: string[]; tags: string[]; }' is not assignable to parameter of type 'PartialStyleDefinition'.
  Type '{ name: string; category: "enriched_bread"; description: string; origin: { country: string; region: string; period: string; }; technicalProfile: { hydration: [number, number]; salt: [number, number]; ... 4 more ...; difficulty: "Medium"; }; fermentationType: "direct"; notes: string[]; tags: string[]; }' is missing the following properties from type 'Omit<DoughStyleDefinition, "id" | "technicalProfile">': createdAt, history, difficulty, references, and 3 more.
src/data/styles/library/bread/enriched.ts(74,43): error TS2345: Argument of type '{ name: string; category: "burger_bun"; description: string; origin: { country: string; region: string; period: string; }; technicalProfile: { hydration: [number, number]; salt: [number, number]; ... 4 more ...; difficulty: "Easy"; }; fermentationType: "direct"; notes: string[]; tags: string[]; }' is not assignable to parameter of type 'PartialStyleDefinition'.
  Type '{ name: string; category: "burger_bun"; description: string; origin: { country: string; region: string; period: string; }; technicalProfile: { hydration: [number, number]; salt: [number, number]; ... 4 more ...; difficulty: "Easy"; }; fermentationType: "direct"; notes: string[]; tags: string[]; }' is missing the following properties from type 'Omit<DoughStyleDefinition, "id" | "technicalProfile">': createdAt, history, difficulty, references, and 3 more.
src/data/styles/library/bread/enriched.ts(106,42): error TS2345: Argument of type '{ name: string; category: "enriched_bread"; description: string; origin: { country: string; region: string; period: string; }; technicalProfile: { hydration: [number, number]; salt: [number, number]; ... 4 more ...; difficulty: "Medium"; }; fermentationType: "direct"; notes: string[]; tags: string[]; }' is not assignable to parameter of type 'PartialStyleDefinition'.
  Type '{ name: string; category: "enriched_bread"; description: string; origin: { country: string; region: string; period: string; }; technicalProfile: { hydration: [number, number]; salt: [number, number]; ... 4 more ...; difficulty: "Medium"; }; fermentationType: "direct"; notes: string[]; tags: string[]; }' is missing the following properties from type 'Omit<DoughStyleDefinition, "id" | "technicalProfile">': createdAt, history, difficulty, references, and 3 more.
src/data/styles/library/bread/enriched.ts(139,43): error TS2345: Argument of type '{ name: string; category: "enriched_bread"; description: string; origin: { country: string; region: string; period: string; }; technicalProfile: { hydration: [number, number]; salt: [number, number]; ... 4 more ...; difficulty: "Expert"; }; ... 4 more ...; references: { ...; }[]; }' is not assignable to parameter of type 'PartialStyleDefinition'.
  Type '{ name: string; category: "enriched_bread"; description: string; origin: { country: string; region: string; period: string; }; technicalProfile: { hydration: [number, number]; salt: [number, number]; ... 4 more ...; difficulty: "Expert"; }; ... 4 more ...; references: { ...; }[]; }' is missing the following properties from type 'Omit<DoughStyleDefinition, "id" | "technicalProfile">': createdAt, history, difficulty, isPro, and 2 more.
src/data/styles/library/bread/rustic.ts(20,9): error TS2353: Object literal may only specify known properties, and 'oven' does not exist in type 'Partial<StyleTechnicalProfile> & { hydration: [number, number]; }'.
src/data/styles/library/bread/rustic.ts(33,11): error TS2353: Object literal may only specify known properties, and 'title' does not exist in type 'Reference'.
src/data/styles/library/bread/rustic.ts(34,11): error TS2353: Object literal may only specify known properties, and 'title' does not exist in type 'Reference'.
src/data/styles/library/bread/rustic.ts(56,9): error TS2353: Object literal may only specify known properties, and 'oven' does not exist in type 'Partial<StyleTechnicalProfile> & { hydration: [number, number]; }'.
src/data/styles/library/bread/rustic.ts(69,11): error TS2353: Object literal may only specify known properties, and 'title' does not exist in type 'Reference'.
src/data/styles/library/bread/rustic.ts(89,9): error TS2353: Object literal may only specify known properties, and 'oven' does not exist in type 'Partial<StyleTechnicalProfile> & { hydration: [number, number]; }'.
src/data/styles/library/bread/rustic.ts(118,9): error TS2353: Object literal may only specify known properties, and 'oven' does not exist in type 'Partial<StyleTechnicalProfile> & { hydration: [number, number]; }'.
src/data/styles/library/bread/rustic.ts(131,11): error TS2353: Object literal may only specify known properties, and 'title' does not exist in type 'Reference'.
src/data/styles/library/pizza/classics.ts(20,9): error TS2353: Object literal may only specify known properties, and 'flour' does not exist in type 'Partial<StyleTechnicalProfile> & { hydration: [number, number]; }'.
src/data/styles/library/pizza/classics.ts(60,9): error TS2353: Object literal may only specify known properties, and 'oven' does not exist in type 'Partial<StyleTechnicalProfile> & { hydration: [number, number]; }'.
src/data/styles/library/pizza/pan_styles.ts(21,9): error TS2353: Object literal may only specify known properties, and 'oven' does not exist in type 'Partial<StyleTechnicalProfile> & { hydration: [number, number]; }'.
src/data/styles/library/pizza/pan_styles.ts(34,11): error TS2353: Object literal may only specify known properties, and 'title' does not exist in type 'Reference'.
src/data/styles/library/pizza/pan_styles.ts(35,11): error TS2353: Object literal may only specify known properties, and 'title' does not exist in type 'Reference'.
src/data/styles/library/pizza/pan_styles.ts(56,9): error TS2353: Object literal may only specify known properties, and 'oven' does not exist in type 'Partial<StyleTechnicalProfile> & { hydration: [number, number]; }'.
src/data/styles/library/pizza/pan_styles.ts(86,9): error TS2353: Object literal may only specify known properties, and 'oven' does not exist in type 'Partial<StyleTechnicalProfile> & { hydration: [number, number]; }'.
src/data/styles/library/pizza/pan_styles.ts(99,11): error TS2353: Object literal may only specify known properties, and 'title' does not exist in type 'Reference'.
src/data/styles/library/pizza/pan_styles.ts(120,9): error TS2353: Object literal may only specify known properties, and 'oven' does not exist in type 'Partial<StyleTechnicalProfile> & { hydration: [number, number]; }'.
src/data/styles/library/pizza/thin_styles.ts(20,9): error TS2353: Object literal may only specify known properties, and 'oven' does not exist in type 'Partial<StyleTechnicalProfile> & { hydration: [number, number]; }'.
src/data/styles/library/pizza/thin_styles.ts(51,9): error TS2353: Object literal may only specify known properties, and 'oven' does not exist in type 'Partial<StyleTechnicalProfile> & { hydration: [number, number]; }'.
src/data/styles/regions/americas.ts(17,5): error TS2561: Object literal may only specify known properties, but 'fermentationSteps' does not exist in type 'DoughStyleDefinition'. Did you mean to write 'fermentationType'?
src/data/styles/regions/americas.ts(81,5): error TS2561: Object literal may only specify known properties, but 'fermentationSteps' does not exist in type 'DoughStyleDefinition'. Did you mean to write 'fermentationType'?
src/data/styles/regions/americas.ts(143,5): error TS2561: Object literal may only specify known properties, but 'fermentationSteps' does not exist in type 'DoughStyleDefinition'. Did you mean to write 'fermentationType'?
src/data/styles/regions/americas.ts(205,5): error TS2561: Object literal may only specify known properties, but 'fermentationSteps' does not exist in type 'DoughStyleDefinition'. Did you mean to write 'fermentationType'?
src/data/styles/regions/americas.ts(267,5): error TS2561: Object literal may only specify known properties, but 'fermentationSteps' does not exist in type 'DoughStyleDefinition'. Did you mean to write 'fermentationType'?
src/data/styles/regions/americas.ts(329,5): error TS2561: Object literal may only specify known properties, but 'fermentationSteps' does not exist in type 'DoughStyleDefinition'. Did you mean to write 'fermentationType'?
src/data/styles/regions/americas.ts(391,5): error TS2561: Object literal may only specify known properties, but 'fermentationSteps' does not exist in type 'DoughStyleDefinition'. Did you mean to write 'fermentationType'?
src/data/styles/regions/americas.ts(453,5): error TS2561: Object literal may only specify known properties, but 'fermentationSteps' does not exist in type 'DoughStyleDefinition'. Did you mean to write 'fermentationType'?
src/data/styles/regions/europe.ts(17,5): error TS2561: Object literal may only specify known properties, but 'fermentationSteps' does not exist in type 'DoughStyleDefinition'. Did you mean to write 'fermentationType'?
src/data/styles/regions/europe.ts(71,30): error TS2339: Property 'PRETZEL_DOUGH_CLASSIC' does not exist on type 'typeof RecipeStyle'.
src/data/styles/regions/europe.ts(81,5): error TS2561: Object literal may only specify known properties, but 'fermentationSteps' does not exist in type 'DoughStyleDefinition'. Did you mean to write 'fermentationType'?
src/data/styles/regions/europe.ts(145,5): error TS2561: Object literal may only specify known properties, but 'fermentationSteps' does not exist in type 'DoughStyleDefinition'. Did you mean to write 'fermentationType'?
src/data/styles/regions/europe.ts(207,5): error TS2561: Object literal may only specify known properties, but 'fermentationSteps' does not exist in type 'DoughStyleDefinition'. Did you mean to write 'fermentationType'?
src/data/styles/regions/europe.ts(269,5): error TS2561: Object literal may only specify known properties, but 'fermentationSteps' does not exist in type 'DoughStyleDefinition'. Did you mean to write 'fermentationType'?
src/data/styles/regions/italy.ts(17,5): error TS2561: Object literal may only specify known properties, but 'fermentationSteps' does not exist in type 'DoughStyleDefinition'. Did you mean to write 'fermentationType'?
src/data/styles/regions/italy.ts(78,5): error TS2322: Type '"poolish"' is not assignable to type '"direct" | "preferment" | "levain" | "cold"'.
src/data/styles/regions/italy.ts(143,5): error TS2561: Object literal may only specify known properties, but 'fermentationSteps' does not exist in type 'DoughStyleDefinition'. Did you mean to write 'fermentationType'?
src/data/styles/regions/italy.ts(207,5): error TS2561: Object literal may only specify known properties, but 'fermentationSteps' does not exist in type 'DoughStyleDefinition'. Did you mean to write 'fermentationType'?
src/data/styles/regions/italy.ts(271,5): error TS2561: Object literal may only specify known properties, but 'fermentationSteps' does not exist in type 'DoughStyleDefinition'. Did you mean to write 'fermentationType'?
src/data/styles/regions/italy.ts(335,5): error TS2561: Object literal may only specify known properties, but 'fermentationSteps' does not exist in type 'DoughStyleDefinition'. Did you mean to write 'fermentationType'?
src/data/styles/regions/italy.ts(399,5): error TS2561: Object literal may only specify known properties, but 'fermentationSteps' does not exist in type 'DoughStyleDefinition'. Did you mean to write 'fermentationType'?
src/data/styles/registry.ts(1,34): error TS2307: Cannot find module '../builder' or its corresponding type declarations.
src/data/styles/registry.ts(6,35): error TS2304: Cannot find name 'REGISTERED_STYLES'.
src/data/stylesData.ts(2,10): error TS2305: Module '"./styles/registry"' has no exported member 'STYLES_DATA'.
src/scripts/validate-styles.ts(1,10): error TS2305: Module '"../data/styles/registry"' has no exported member 'STYLES_DATA'.
